----------------------------------------------------------------
-Pin Report - Date: Tue Feb 28 16:28:19 2023 Pinchecksum: NOT-AVAILABLE
-Product: Designer
-Release: v2022.2
-Version: 2022.2.0.10
-Design Name: Top
-Family: IGLOO2
-Die: M2GL005
-Package: 256 VF
-----------------------------------------------------------------

Port                       |Pin |Fixed |Function                 |Bank     |I/O Std   |Direction                      |I/O state in Flash*Freeze mode |Resistor Pull                      |I/O available in Flash*Freeze mode |Schmitt Trigger |Odt_Static    |Odt Imp (Ohm)  |Low Power Exit |Input Delay |Slew         |Pre-Emphasis      |Output Drive (mA) |Output Load (pF) |
---------------------------|----|------|-------------------------|---------|----------|-------------------------------|-------------------------------|-----------------------------------|-----------------------------------|----------------|--------------|---------------|---------------|------------|-------------|------------------|------------------|-----------------|
CPUStatLEDDrive[0]          C14  Yes    MSIO15NB1                 Bank1     LVCMOS33   Output                          TRISTATE                        None                                No                                  ---              ---            ---             ---             ---          ---           ---                4                  5                 
CPUStatLEDDrive[1]          C15  Yes    MSIO15PB1/GB6             Bank1     LVCMOS33   Output                          TRISTATE                        None                                No                                  ---              ---            ---             ---             ---          ---           ---                4                  5                 
CS_L                        K12  Yes    MSIO3NB2                  Bank2     LVCMOS33   Input                           TRISTATE                        None                                No                                  Off              ---            ---             Off             Off          ---           ---                ---                ---               
DATA[0]                     P13  Yes    MSIO108NB4                Bank4     LVCMOS33   Inout                           TRISTATE                        None                                No                                  Off              ---            ---             Off             Off          ---           ---                16                 15                
DATA[1]                     B16  Yes    MSIO14PB1/GB5             Bank1     LVCMOS33   Inout                           TRISTATE                        None                                No                                  Off              ---            ---             Off             Off          ---           ---                16                 15                
DATA[2]                     K4   Yes    MSIO87PB4                 Bank4     LVCMOS33   Inout                           TRISTATE                        None                                No                                  Off              ---            ---             Off             Off          ---           ---                16                 15                
DATA[3]                     L4   Yes    MSIO87NB4                 Bank4     LVCMOS33   Inout                           TRISTATE                        None                                No                                  Off              ---            ---             Off             Off          ---           ---                16                 15                
DATA[4]                     L3   Yes    MSIO81PB4                 Bank4     LVCMOS33   Inout                           TRISTATE                        None                                No                                  Off              ---            ---             Off             Off          ---           ---                16                 15                
DATA[5]                     M3   Yes    MSIO81NB4/CCC_NE1_CLKI0   Bank4     LVCMOS33   Inout                           TRISTATE                        None                                No                                  Off              ---            ---             Off             Off          ---           ---                16                 15                
DATA[6]                     N4   Yes    MSIO82PB4/PROBE_A         Bank4     LVCMOS33   Inout                           TRISTATE                        None                                No                                  Off              ---            ---             Off             Off          ---           ---                16                 15                
DATA[7]                     N3   Yes    MSIO85PB4                 Bank4     LVCMOS33   Inout                           TRISTATE                        None                                No                                  Off              ---            ---             Off             Off          ---           ---                16                 15                
DATA[8]                     L2   Yes    MSIO83PB4/GB3             Bank4     LVCMOS33   Inout                           TRISTATE                        None                                No                                  Off              ---            ---             Off             Off          ---           ---                16                 15                
DATA[9]                     M2   Yes    MSIO83NB4/GB7             Bank4     LVCMOS33   Inout                           TRISTATE                        None                                No                                  Off              ---            ---             Off             Off          ---           ---                16                 15                
DATA[10]                    M1   Yes    MSIO86PB4                 Bank4     LVCMOS33   Inout                           TRISTATE                        None                                No                                  Off              ---            ---             Off             Off          ---           ---                16                 15                
DATA[11]                    N1   Yes    MSIO86NB4                 Bank4     LVCMOS33   Inout                           TRISTATE                        None                                No                                  Off              ---            ---             Off             Off          ---           ---                16                 15                
DATA[12]                    P2   Yes    MSIO90PB4                 Bank4     LVCMOS33   Inout                           TRISTATE                        None                                No                                  Off              ---            ---             Off             Off          ---           ---                16                 15                
DATA[13]                    P1   Yes    MSIO91PB4                 Bank4     LVCMOS33   Inout                           TRISTATE                        None                                No                                  Off              ---            ---             Off             Off          ---           ---                16                 15                
DATA[14]                    R2   Yes    MSIO90NB4                 Bank4     LVCMOS33   Inout                           TRISTATE                        None                                No                                  Off              ---            ---             Off             Off          ---           ---                16                 15                
DATA[15]                    R1   Yes    MSIO91NB4                 Bank4     LVCMOS33   Inout                           TRISTATE                        None                                No                                  Off              ---            ---             Off             Off          ---           ---                16                 15                
DATA[16]                    R7   Yes    MSIO92NB4                 Bank4     LVCMOS33   Inout                           TRISTATE                        None                                No                                  Off              ---            ---             Off             Off          ---           ---                16                 15                
DATA[17]                    R14  Yes    MSIO110NB4                Bank4     LVCMOS33   Inout                           TRISTATE                        None                                No                                  Off              ---            ---             Off             Off          ---           ---                16                 15                
DATA[18]                    L5   Yes    MSIO84PB4/CCC_NE0_CLKI0   Bank4     LVCMOS33   Inout                           TRISTATE                        None                                No                                  Off              ---            ---             Off             Off          ---           ---                16                 15                
DATA[19]                    T8   Yes    MSIO98NB4                 Bank4     LVCMOS33   Inout                           TRISTATE                        None                                No                                  Off              ---            ---             Off             Off          ---           ---                16                 15                
DATA[20]                    T12  Yes    MSIO107PB4                Bank4     LVCMOS33   Inout                           TRISTATE                        None                                No                                  Off              ---            ---             Off             Off          ---           ---                16                 15                
DATA[21]                    T10  Yes    MSIO102NB4                Bank4     LVCMOS33   Inout                           TRISTATE                        None                                No                                  Off              ---            ---             Off             Off          ---           ---                16                 15                
DATA[22]                    T9   Yes    MSIO102PB4                Bank4     LVCMOS33   Inout                           TRISTATE                        None                                No                                  Off              ---            ---             Off             Off          ---           ---                16                 15                
DATA[23]                    R9   Yes    MSIO100PB4                Bank4     LVCMOS33   Inout                           TRISTATE                        None                                No                                  Off              ---            ---             Off             Off          ---           ---                16                 15                
DATA[24]                    R10  Yes    MSIO100NB4                Bank4     LVCMOS33   Inout                           TRISTATE                        None                                No                                  Off              ---            ---             Off             Off          ---           ---                16                 15                
DATA[25]                    T13  Yes    MSIO107NB4                Bank4     LVCMOS33   Inout                           TRISTATE                        None                                No                                  Off              ---            ---             Off             Off          ---           ---                16                 15                
DATA[26]                    T14  Yes    MSIO110PB4                Bank4     LVCMOS33   Inout                           TRISTATE                        None                                No                                  Off              ---            ---             Off             Off          ---           ---                16                 15                
DATA[27]                    J16  Yes    MSIO4NB2                  Bank2     LVCMOS33   Inout                           TRISTATE                        None                                No                                  Off              ---            ---             Off             Off          ---           ---                16                 15                
DATA[28]                    K16  Yes    MSIO4PB2                  Bank2     LVCMOS33   Inout                           TRISTATE                        None                                No                                  Off              ---            ---             Off             Off          ---           ---                16                 15                
DATA[29]                    K15  Yes    MSIO5NB2                  Bank2     LVCMOS33   Inout                           TRISTATE                        None                                No                                  Off              ---            ---             Off             Off          ---           ---                16                 15                
DATA[30]                    L15  Yes    MSIO0NB2                  Bank2     LVCMOS33   Inout                           TRISTATE                        None                                No                                  Off              ---            ---             Off             Off          ---           ---                16                 15                
DATA[31]                    M16  Yes    MSIO1NB2                  Bank2     LVCMOS33   Inout                           TRISTATE                        None                                No                                  Off              ---            ---             Off             Off          ---           ---                16                 15                
Debug0                      M6   Yes    MSIO93NB4                 Bank4     LVCMOS33   Output                          TRISTATE                        None                                No                                  ---              ---            ---             ---             ---          ---           ---                4                  5                 
Debug1                      T5   Yes    MSIO96PB4                 Bank4     LVCMOS33   Output                          TRISTATE                        None                                No                                  ---              ---            ---             ---             ---          ---           ---                4                  5                 
Debug2                      P4   Yes    MSIO82NB4/PROBE_B         Bank4     LVCMOS33   Output                          TRISTATE                        None                                No                                  ---              ---            ---             ---             ---          ---           ---                4                  5                 
Exp0Data[0]                 M12  Yes    MSIO109NB4                Bank4     LVCMOS33   Inout                           TRISTATE                        Down                                No                                  Off              ---            ---             Off             Off          ---           ---                20                 5                 
Exp0Data[1]                 M13  Yes    MSIO2PB2                  Bank2     LVCMOS33   Inout                           TRISTATE                        Up                                  No                                  Off              ---            ---             Off             Off          ---           ---                20                 5                 
Exp0Data[2]                 L13  Yes    MSIO2NB2                  Bank2     LVCMOS33   Inout                           TRISTATE                        Down                                No                                  Off              ---            ---             Off             Off          ---           ---                20                 5                 
Exp0Data[3]                 J13  Yes    MSIO6PB2                  Bank2     LVCMOS33   Inout                           TRISTATE                        Up                                  No                                  Off              ---            ---             Off             Off          ---           ---                20                 5                 
Exp0Data[4]                 E15  Yes    MSIO18NB1                 Bank1     LVCMOS33   Inout                           TRISTATE                        Down                                No                                  Off              ---            ---             Off             Off          ---           ---                20                 5                 
Exp0Data[5]                 H14  Yes    MSIO7NB2                  Bank2     LVCMOS33   Output                          TRISTATE                        Down                                No                                  ---              ---            ---             ---             ---          ---           ---                20                 5                 
Exp1Data[0]                 P12  Yes    MSIO108PB4                Bank4     LVCMOS33   Inout                           TRISTATE                        Down                                No                                  Off              ---            ---             Off             Off          ---           ---                20                 5                 
Exp1Data[1]                 M8   Yes    MSIO94PB4                 Bank4     LVCMOS33   Inout                           TRISTATE                        Up                                  No                                  Off              ---            ---             Off             Off          ---           ---                20                 5                 
Exp1Data[2]                 D13  Yes    MSIO17PB1                 Bank1     LVCMOS33   Inout                           TRISTATE                        Down                                No                                  Off              ---            ---             Off             Off          ---           ---                20                 5                 
Exp1Data[3]                 F14  Yes    MSIO12NB2/SPI_0_SDI       Bank2     LVCMOS33   Inout                           TRISTATE                        Up                                  No                                  Off              ---            ---             Off             Off          ---           ---                20                 5                 
Exp1Data[4]                 J14  Yes    MSIO6NB2                  Bank2     LVCMOS33   Inout                           TRISTATE                        Down                                No                                  Off              ---            ---             Off             Off          ---           ---                20                 5                 
Exp1Data[5]                 F15  Yes    MSIO12PB2/SPI_0_CLK       Bank2     LVCMOS33   Output                          TRISTATE                        Down                                No                                  ---              ---            ---             ---             ---          ---           ---                20                 5                 
Exp2Data[0]                 M7   Yes    MSIO93PB4                 Bank4     LVCMOS33   Inout                           TRISTATE                        Down                                No                                  Off              ---            ---             Off             Off          ---           ---                20                 5                 
Exp2Data[1]                 P8   Yes    MSIO99PB4                 Bank4     LVCMOS33   Inout                           TRISTATE                        Up                                  No                                  Off              ---            ---             Off             Off          ---           ---                20                 5                 
Exp2Data[2]                 N6   Yes    MSIO95PB4                 Bank4     LVCMOS33   Inout                           TRISTATE                        Down                                No                                  Off              ---            ---             Off             Off          ---           ---                20                 5                 
Exp2Data[3]                 N8   Yes    MSIO94NB4                 Bank4     LVCMOS33   Inout                           TRISTATE                        Up                                  No                                  Off              ---            ---             Off             Off          ---           ---                20                 5                 
Exp2Data[4]                 N9   Yes    MSIO103PB4                Bank4     LVCMOS33   Inout                           TRISTATE                        Down                                No                                  Off              ---            ---             Off             Off          ---           ---                20                 5                 
Exp2Data[5]                 N10  Yes    MSIO103NB4                Bank4     LVCMOS33   Output                          TRISTATE                        Down                                No                                  ---              ---            ---             ---             ---          ---           ---                20                 5                 
Exp3Data[0]                 L14  Yes    MSIO0PB2                  Bank2     LVCMOS33   Inout                           TRISTATE                        Down                                No                                  Off              ---            ---             Off             Off          ---           ---                20                 5                 
Exp3Data[1]                 K14  Yes    MSIO5PB2                  Bank2     LVCMOS33   Inout                           TRISTATE                        Up                                  No                                  Off              ---            ---             Off             Off          ---           ---                20                 5                 
Exp3Data[2]                 H13  Yes    MSIO7PB2                  Bank2     LVCMOS33   Inout                           TRISTATE                        Down                                No                                  Off              ---            ---             Off             Off          ---           ---                20                 5                 
Exp3Data[3]                 G12  Yes    MSIO8PB2                  Bank2     LVCMOS33   Inout                           TRISTATE                        Up                                  No                                  Off              ---            ---             Off             Off          ---           ---                20                 5                 
Exp3Data[4]                 G13  Yes    MSIO8NB2                  Bank2     LVCMOS33   Inout                           TRISTATE                        Down                                No                                  Off              ---            ---             Off             Off          ---           ---                20                 5                 
Exp3Data[5]                 P11  Yes    MSIO104PB4                Bank4     LVCMOS33   Output                          TRISTATE                        Down                                No                                  ---              ---            ---             ---             ---          ---           ---                20                 5                 
Exp_ID_DATA                 P7   Yes    MSIO89NB4                 Bank4     LVCMOS33   Input                           TRISTATE                        Down                                No                                  Off              ---            ---             Off             Off          ---           ---                ---                ---               
Exp_Mxd_ID_CLK              P9   Yes    MSIO99NB4                 Bank4     LVCMOS33   Output                          TRISTATE                        None                                No                                  ---              ---            ---             ---             ---          ---           ---                4                  5                 
Exp_Mxd_ID_LATCH            P6   Yes    MSIO89PB4                 Bank4     LVCMOS33   Output                          TRISTATE                        None                                No                                  ---              ---            ---             ---             ---          ---           ---                4                  5                 
Exp_Mxd_ID_LOAD             N11  Yes    MSIO104NB4                Bank4     LVCMOS33   Output                          TRISTATE                        Up                                  No                                  ---              ---            ---             ---             ---          ---           ---                4                  5                 
ExtADDR[2]                  T3   Yes    MSIO97PB4                 Bank4     LVCMOS33   Input                           TRISTATE                        Up                                  No                                  Off              ---            ---             Off             Off          ---           ---                ---                ---               
ExtADDR[3]                  R5   Yes    MSIO88NB4                 Bank4     LVCMOS33   Input                           TRISTATE                        Up                                  No                                  Off              ---            ---             Off             Off          ---           ---                ---                ---               
ExtADDR[4]                  R12  Yes    MSIO106NB4                Bank4     LVCMOS33   Input                           TRISTATE                        Up                                  No                                  Off              ---            ---             Off             Off          ---           ---                ---                ---               
ExtADDR[5]                  T7   Yes    MSIO98PB4                 Bank4     LVCMOS33   Input                           TRISTATE                        Up                                  No                                  Off              ---            ---             Off             Off          ---           ---                ---                ---               
ExtADDR[6]                  M5   Yes    MSIO84NB4                 Bank4     LVCMOS33   Input                           TRISTATE                        Up                                  No                                  Off              ---            ---             Off             Off          ---           ---                ---                ---               
ExtADDR[7]                  R6   Yes    MSIO92PB4                 Bank4     LVCMOS33   Input                           TRISTATE                        Up                                  No                                  Off              ---            ---             Off             Off          ---           ---                ---                ---               
ExtADDR[8]                  R4   Yes    MSIO88PB4                 Bank4     LVCMOS33   Input                           TRISTATE                        Up                                  No                                  Off              ---            ---             Off             Off          ---           ---                ---                ---               
ExtADDR[9]                  N5   Yes    MSIO95NB4                 Bank4     LVCMOS33   Input                           TRISTATE                        Up                                  No                                  Off              ---            ---             Off             Off          ---           ---                ---                ---               
ExtADDR[10]                 T4   Yes    MSIO96NB4                 Bank4     LVCMOS33   Input                           TRISTATE                        Up                                  No                                  Off              ---            ---             Off             Off          ---           ---                ---                ---               
ExtADDR[11]                 P3   Yes    MSIO85NB4                 Bank4     LVCMOS33   Input                           TRISTATE                        Up                                  No                                  Off              ---            ---             Off             Off          ---           ---                ---                ---               
FPGA_Test                   R11  Yes    MSIO106PB4                Bank4     LVCMOS33   Output                          TRISTATE                        None                                No                                  ---              ---            ---             ---             ---          ---           ---                4                  5                 
H1_CLK_IN                   F12  Yes    MSIO11PB2/CCC_NE0_CLKI1   Bank2     LVCMOS33   Input                           TRISTATE                        None                                No                                  Off              ---            ---             Off             Off          ---           ---                ---                ---               
H1_CLKWR                    F13  Yes    MSIO11NB2/CCC_NE0_CLKI2   Bank2     LVCMOS33   Input                           TRISTATE                        None                                No                                  Off              ---            ---             Off             Off          ---           ---                ---                ---               
HALT_DRIVE_L                D12  Yes    MSI16NB1                  Bank1     LVCMOS33   Input                           TRISTATE                        None                                No                                  Off              ---            ---             Off             Off          ---           ---                ---                ---               
LOOPTICK                    T2   Yes    MSIO97NB4                 Bank4     LVCMOS33   Input                           TRISTATE                        None                                No                                  Off              ---            ---             Off             Off          ---           ---                ---                ---               
M_AX0_0                     F5   Yes    MSIO60NB6                 Bank6     LVCMOS33   Output                          TRISTATE                        None                                No                                  ---              ---            ---             ---             ---          ---           ---                16                 5                 
M_AX0_RET_DATA              E16  Yes    MSIO13PB2/SPI_0_SDO       Bank2     LVCMOS33   Input                           TRISTATE                        None                                No                                  Off              ---            ---             Off             Off          ---           ---                ---                ---               
M_AX1_INT_CLK               E2   Yes    MSIO59PB6                 Bank6     LVCMOS33   Output                          TRISTATE                        None                                No                                  ---              ---            ---             ---             ---          ---           ---                16                 5                 
M_AX1_RET_DATA              D16  Yes    MSIO13NB2/SPI_0_SS0       Bank2     LVCMOS33   Input                           TRISTATE                        None                                No                                  Off              ---            ---             Off             Off          ---           ---                ---                ---               
M_Card_ID_CLK               G5   Yes    MSIO60PB6                 Bank6     LVCMOS33   Output                          TRISTATE                        None                                No                                  ---              ---            ---             ---             ---          ---           ---                4                  5                 
M_Card_ID_DATA              B5   Yes    MSIO53PB6                 Bank6     LVCMOS33   Input                           TRISTATE                        Down                                No                                  Off              ---            ---             Off             Off          ---           ---                ---                ---               
M_Card_ID_LATCH             M11  Yes    MSIO109PB4                Bank4     LVCMOS33   Output                          TRISTATE                        None                                No                                  ---              ---            ---             ---             ---          ---           ---                4                  5                 
M_Card_ID_LOAD              M10  Yes    MSIO105NB4                Bank4     LVCMOS33   Output                          TRISTATE                        None                                No                                  ---              ---            ---             ---             ---          ---           ---                4                  5                 
M_DRV_EN_L                  B1   Yes    MSIO61NB6                 Bank6     LVCMOS33   Output                          TRISTATE                        None                                No                                  ---              ---            ---             ---             ---          ---           ---                4                  5                 
M_ENABLE[0]                 E4   Yes    MSIO63NB6                 Bank6     LVCMOS33   Output                          TRISTATE                        None                                No                                  ---              ---            ---             ---             ---          ---           ---                4                  5                 
M_ENABLE[1]                 E6   Yes    MSIO52NB6                 Bank6     LVCMOS33   Output                          TRISTATE                        None                                No                                  ---              ---            ---             ---             ---          ---           ---                4                  5                 
M_FAULT[0]                  J4   Yes    MSIOD74NB5                Bank5     LVCMOS25   Input                           TRISTATE                        None                                No                                  Off              ---            ---             Off             Off          ---           ---                ---                ---               
M_FAULT[1]                  J1   Yes    MSIOD75PB5                Bank5     LVCMOS25   Input                           TRISTATE                        None                                No                                  Off              ---            ---             Off             Off          ---           ---                ---                ---               
M_IO_CLK                    A4   Yes    MSIO55NB6                 Bank6     LVCMOS33   Output                          TRISTATE                        None                                No                                  ---              ---            ---             ---             ---          ---           ---                4                  5                 
M_IO_DATAIn                 C4   Yes    MSIO54NB6                 Bank6     LVCMOS33   Input                           TRISTATE                        None                                No                                  Off              ---            ---             Off             Off          ---           ---                ---                ---               
M_IO_DATAOut                A3   Yes    MSIO55PB6                 Bank6     LVCMOS33   Output                          TRISTATE                        None                                No                                  ---              ---            ---             ---             ---          ---           ---                4                  5                 
M_IO_LATCH                  B3   Yes    MSIO56NB6                 Bank6     LVCMOS33   Output                          TRISTATE                        None                                No                                  ---              ---            ---             ---             ---          ---           ---                4                  5                 
M_IO_LOAD                   B2   Yes    MSIO57PB6                 Bank6     LVCMOS33   Output                          TRISTATE                        None                                No                                  ---              ---            ---             ---             ---          ---           ---                4                  5                 
M_IO_OE                     A2   Yes    MSIO57NB6                 Bank6     LVCMOS33   Output                          TRISTATE                        Up                                  No                                  ---              ---            ---             ---             ---          ---           ---                4                  5                 
M_MUXED_ADC_CS_QA0_SIGA     E5   Yes    MSIO52PB6                 Bank6     LVCMOS33   Inout                           TRISTATE                        None                                No                                  Off              ---            ---             Off             Off          ---           ---                16                 5                 
M_MUXED_ADC_DATA0_QA0_SIGB  F4   Yes    MSIO63PB6/GB2             Bank6     LVCMOS33   Input                           TRISTATE                        None                                No                                  Off              ---            ---             Off             Off          ---           ---                ---                ---               
M_MUXED_ADC_DATA1_QA1_SIGA  F2   Yes    MSIO65PB6                 Bank6     LVCMOS33   Input                           TRISTATE                        None                                No                                  Off              ---            ---             Off             Off          ---           ---                ---                ---               
M_OUT0_CLK                  G3   Yes    MSIO64PB6/GB1             Bank6     LVCMOS33   Output                          TRISTATE                        None                                No                                  ---              ---            ---             ---             ---          ---           ---                4                  5                 
M_OUT0_CONTROL              F3   Yes    MSIO65NB6                 Bank6     LVCMOS33   Output                          TRISTATE                        None                                No                                  ---              ---            ---             ---             ---          ---           ---                4                  5                 
M_OUT0_DATA                 D3   Yes    MSIO62NB6                 Bank6     LVCMOS33   Output                          TRISTATE                        None                                No                                  ---              ---            ---             ---             ---          ---           ---                4                  5                 
M_OUT1_CLK                  D4   Yes    MSIO62PB6                 Bank6     LVCMOS33   Output                          TRISTATE                        None                                No                                  ---              ---            ---             ---             ---          ---           ---                4                  5                 
M_OUT1_CONTROL              A5   Yes    MSIO53NB6                 Bank6     LVCMOS33   Output                          TRISTATE                        None                                No                                  ---              ---            ---             ---             ---          ---           ---                4                  5                 
M_OUT1_DATA                 C5   Yes    MSIO54PB6                 Bank6     LVCMOS33   Output                          TRISTATE                        None                                No                                  ---              ---            ---             ---             ---          ---           ---                4                  5                 
M_SPROM_CLK                 C1   Yes    MSIO61PB6                 Bank6     LVCMOS33   Output                          TRISTATE                        None                                No                                  ---              ---            ---             ---             ---          ---           ---                4                  5                 
M_SPROM_DATA                C3   Yes    MSIO56PB6                 Bank6     LVCMOS33   Inout                           TRISTATE                        Up                                  No                                  Off              ---            ---             Off             Off          ---           ---                4                  5                 
QA0_Home                    H4   Yes    MSIOD70NB5                Bank5     LVCMOS25   Input                           TRISTATE                        None                                No                                  Off              ---            ---             Off             Off          ---           ---                ---                ---               
QA0_RegX_PosLmt             H5   Yes    MSIOD70PB5/CCC_NE1_CLKI1  Bank5     LVCMOS25   Input                           TRISTATE                        None                                No                                  Off              ---            ---             Off             Off          ---           ---                ---                ---               
QA0_RegY_NegLmt             J2   Yes    MSIOD75NB5                Bank5     LVCMOS25   Input                           TRISTATE                        None                                No                                  Off              ---            ---             Off             Off          ---           ---                ---                ---               
QA0_SigZ                    D2   Yes    MSIO58NB6                 Bank6     LVCMOS33   Input                           TRISTATE                        None                                No                                  Off              ---            ---             Off             Off          ---           ---                ---                ---               
QA1_Home                    J5   Yes    MSIOD74PB5                Bank5     LVCMOS25   Input                           TRISTATE                        None                                No                                  Off              ---            ---             Off             Off          ---           ---                ---                ---               
QA1_RegX_PosLmt             J3   Yes    MSIOD71PB5                Bank5     LVCMOS25   Input                           TRISTATE                        None                                No                                  Off              ---            ---             Off             Off          ---           ---                ---                ---               
QA1_RegY_NegLmt             H3   Yes    MSIOD71NB5                Bank5     LVCMOS25   Input                           TRISTATE                        None                                No                                  Off              ---            ---             Off             Off          ---           ---                ---                ---               
QA1_SigB                    E1   Yes    MSIO59NB6                 Bank6     LVCMOS33   Input                           TRISTATE                        None                                No                                  Off              ---            ---             Off             Off          ---           ---                ---                ---               
QA1_SigZ                    D1   Yes    MSIO58PB6                 Bank6     LVCMOS33   Input                           TRISTATE                        None                                No                                  Off              ---            ---             Off             Off          ---           ---                ---                ---               
RD_L                        C16  Yes    MSIO14NB1                 Bank1     LVCMOS33   Input                           TRISTATE                        None                                No                                  Off              ---            ---             Off             Off          ---           ---                ---                ---               
RESET                       G2   Yes    MSIO64NB6                 Bank6     LVCMOS33   Input                           TRISTATE                        None                                No                                  Off              ---            ---             Off             Off          ---           ---                ---                ---               
TestClock                   G1   Yes    MSIOD69NB5                Bank5     LVCMOS25   Output                          TRISTATE                        None                                No                                  ---              ---            ---             ---             ---          SLOW          ---                4                  5                 
WD_RST_L                    D14  Yes    MSIO17NB1                 Bank1     LVCMOS33   Output                          TRISTATE                        None                                No                                  ---              ---            ---             ---             ---          ---           ---                4                  5                 
WD_TICKLE                   M15  Yes    MSIO1PB2                  Bank2     LVCMOS33   Input                           TRISTATE                        None                                No                                  Off              ---            ---             Off             Off          ---           ---                ---                ---               
WR_L                        J12  Yes    MSIO3PB2                  Bank2     LVCMOS33   Input                           TRISTATE                        None                                No                                  Off              ---            ---             Off             Off          ---           ---                ---                ---               
X_Reserved0                 M9   Yes    MSIO105PB4                Bank4     LVCMOS33   Output                          TRISTATE                        None                                No                                  ---              ---            ---             ---             ---          ---           ---                4                  5                 
X_Reserved1                 E14  Yes    MSIO18PB1                 Bank1     LVCMOS33   Output                          TRISTATE                        None                                No                                  ---              ---            ---             ---             ---          ---           ---                4                  5                 
