----------------------------------------------------------------
-Pin Report - Date: Tue Feb 28 16:28:19 2023 Pinchecksum: NOT-AVAILABLE
-Product: Designer
-Release: v2022.2
-Version: 2022.2.0.10
-Design Name: Top
-Family: IGLOO2
-Die: M2GL005
-Package: 256 VF
-----------------------------------------------------------------

Number |Port                       |Function                       |State      |I/O Std  |Direction |I/O state in Flash*Freeze mode |Resistor Pull |I/O available in Flash*Freeze mode |Schmitt Trigger |Odt_Static |Odt Imp (Ohm) |Low Power Exit |Input Delay |Slew |Pre-Emphasis |Output Drive (mA) |Output Load (pF) |
-------|---------------------------|-------------------------------|-----------|---------|----------|-------------------------------|--------------|-----------------------------------|----------------|-----------|--------------|---------------|------------|-----|-------------|------------------|-----------------|
A1                                  VDDI6                           Reserved    
A2      M_IO_OE                     MSIO57NB6                       Fixed       LVCMOS33  Output     TRISTATE                        Up             No                                  ---              ---         ---            ---             ---          ---   ---           4                  5                 
A3      M_IO_DATAOut                MSIO55PB6                       Fixed       LVCMOS33  Output     TRISTATE                        None           No                                  ---              ---         ---            ---             ---          ---   ---           4                  5                 
A4      M_IO_CLK                    MSIO55NB6                       Fixed       LVCMOS33  Output     TRISTATE                        None           No                                  ---              ---         ---            ---             ---          ---   ---           4                  5                 
A5      M_OUT1_CONTROL              MSIO53NB6                       Fixed       LVCMOS33  Output     TRISTATE                        None           No                                  ---              ---         ---            ---             ---          ---   ---           4                  5                 
A6                                  VSS                             Reserved    
A7                                  DDRIO45PB0/CCC_NE0_CLKI3        Special     
A8                                  DDRIO42PB0                      Unassigned  
A9                                  DDRIO50NB0/CCC_NE1_CLKI3        Special     
A10                                 DDRIO50PB0                      Unassigned  
A11                                 VDDI0                           Reserved    
A12                                 DDRIO32PB0                      Unassigned  
A13                                 DDRIO30PB0                      Unassigned  
A14                                 DDRIO30NB0                      Unassigned  
A15                                 DDRIO27PB0                      Unassigned  
A16                                 VSS                             Reserved    
B1      M_DRV_EN_L                  MSIO61NB6                       Fixed       LVCMOS33  Output     TRISTATE                        None           No                                  ---              ---         ---            ---             ---          ---   ---           4                  5                 
B2      M_IO_LOAD                   MSIO57PB6                       Fixed       LVCMOS33  Output     TRISTATE                        None           No                                  ---              ---         ---            ---             ---          ---   ---           4                  5                 
B3      M_IO_LATCH                  MSIO56NB6                       Fixed       LVCMOS33  Output     TRISTATE                        None           No                                  ---              ---         ---            ---             ---          ---   ---           4                  5                 
B4                                  VDDI6                           Reserved    
B5      M_Card_ID_DATA              MSIO53PB6                       Fixed       LVCMOS33  Input      TRISTATE                        Down           No                                  Off              ---         ---            Off             Off          ---   ---           ---                ---               
B6                                  DDRIO49PB0/GB0                  Special     
B7                                  DDRIO45NB0                      Unassigned  
B8                                  DDRIO42NB0                      Unassigned  
B9                                  VSS                             Reserved    
B10                                 DDRIO37PB0                      Unassigned  
B11                                 DDRIO33PB0                      Unassigned  
B12                                 DDRIO32NB0                      Unassigned  
B13                                 DDRIO25PB0                      Unassigned  
B14                                 VDDI0                           Reserved    
B15                                 DDRIO27NB0                      Unassigned  
B16     DATA[1]                     MSIO14PB1/GB5                   Special     LVCMOS33  Inout      TRISTATE                        None           No                                  Off              ---         ---            Off             Off          ---   ---           16                 15                
C1      M_SPROM_CLK                 MSIO61PB6                       Fixed       LVCMOS33  Output     TRISTATE                        None           No                                  ---              ---         ---            ---             ---          ---   ---           4                  5                 
C2                                  VSS                             Reserved    
C3      M_SPROM_DATA                MSIO56PB6                       Fixed       LVCMOS33  Inout      TRISTATE                        Up             No                                  Off              ---         ---            Off             Off          ---   ---           4                  5                 
C4      M_IO_DATAIn                 MSIO54NB6                       Fixed       LVCMOS33  Input      TRISTATE                        None           No                                  Off              ---         ---            Off             Off          ---   ---           ---                ---               
C5      M_OUT1_DATA                 MSIO54PB6                       Fixed       LVCMOS33  Output     TRISTATE                        None           No                                  ---              ---         ---            ---             ---          ---   ---           4                  5                 
C6                                  DDRIO49NB0/GB4                  Special     
C7                                  VDDI0                           Reserved    
C8                                  DDRIO40PB0                      Unassigned  
C9                                  DDRIO40NB0                      Unassigned  
C10                                 DDRIO37NB0                      Unassigned  
C11                                 DDRIO33NB0                      Unassigned  
C12                                 VSS                             Reserved    
C13                                 DDRIO25NB0                      Unassigned  
C14     CPUStatLEDDrive[0]          MSIO15NB1                       Fixed       LVCMOS33  Output     TRISTATE                        None           No                                  ---              ---         ---            ---             ---          ---   ---           4                  5                 
C15     CPUStatLEDDrive[1]          MSIO15PB1/GB6                   Special     LVCMOS33  Output     TRISTATE                        None           No                                  ---              ---         ---            ---             ---          ---   ---           4                  5                 
C16     RD_L                        MSIO14NB1                       Fixed       LVCMOS33  Input      TRISTATE                        None           No                                  Off              ---         ---            Off             Off          ---   ---           ---                ---               
D1      QA1_SigZ                    MSIO58PB6                       Fixed       LVCMOS33  Input      TRISTATE                        None           No                                  Off              ---         ---            Off             Off          ---   ---           ---                ---               
D2      QA0_SigZ                    MSIO58NB6                       Fixed       LVCMOS33  Input      TRISTATE                        None           No                                  Off              ---         ---            Off             Off          ---   ---           ---                ---               
D3      M_OUT0_DATA                 MSIO62NB6                       Fixed       LVCMOS33  Output     TRISTATE                        None           No                                  ---              ---         ---            ---             ---          ---   ---           4                  5                 
D4      M_OUT1_CLK                  MSIO62PB6                       Fixed       LVCMOS33  Output     TRISTATE                        None           No                                  ---              ---         ---            ---             ---          ---   ---           4                  5                 
D5                                  VSS                             Reserved    
D6                                  DDRIO43PB0                      Unassigned  
D7                                  DDRIO43NB0                      Unassigned  
D8                                  DDRIO38PB0                      Unassigned  
D9                                  DDRIO35PB0                      Unassigned  
D10                                 VDDI0                           Reserved    
D11                                 DDRIO28PB0                      Unassigned  
D12     HALT_DRIVE_L                MSI16NB1                        Fixed       LVCMOS33  Input      TRISTATE                        None           No                                  Off              ---         ---            Off             Off          ---   ---           ---                ---               
D13     Exp1Data[2]                 MSIO17PB1                       Fixed       LVCMOS33  Inout      TRISTATE                        Down           No                                  Off              ---         ---            Off             Off          ---   ---           20                 5                 
D14     WD_RST_L                    MSIO17NB1                       Fixed       LVCMOS33  Output     TRISTATE                        None           No                                  ---              ---         ---            ---             ---          ---   ---           4                  5                 
D15                                 VSS                             Reserved    
D16     M_AX1_RET_DATA              MSIO13NB2/SPI_0_SS0             Fixed       LVCMOS33  Input      TRISTATE                        None           No                                  Off              ---         ---            Off             Off          ---   ---           ---                ---               
E1      QA1_SigB                    MSIO59NB6                       Fixed       LVCMOS33  Input      TRISTATE                        None           No                                  Off              ---         ---            Off             Off          ---   ---           ---                ---               
E2      M_AX1_INT_CLK               MSIO59PB6                       Fixed       LVCMOS33  Output     TRISTATE                        None           No                                  ---              ---         ---            ---             ---          ---   ---           16                 5                 
E3                                  VDDI6                           Reserved    
E4      M_ENABLE[0]                 MSIO63NB6                       Fixed       LVCMOS33  Output     TRISTATE                        None           No                                  ---              ---         ---            ---             ---          ---   ---           4                  5                 
E5      M_MUXED_ADC_CS_QA0_SIGA     MSIO52PB6                       Fixed       LVCMOS33  Inout      TRISTATE                        None           No                                  Off              ---         ---            Off             Off          ---   ---           16                 5                 
E6      M_ENABLE[1]                 MSIO52NB6                       Fixed       LVCMOS33  Output     TRISTATE                        None           No                                  ---              ---         ---            ---             ---          ---   ---           4                  5                 
E7                                  VREF                            Reserved    
E8                                  DDRIO38NB0                      Unassigned  
E9                                  DDRIO35NB0                      Unassigned  
E10                                 CCC_NE0_NE1_HPMS_MDDR_PLL_VDDA  Reserved    
E11                                 DDRIO28NB0                      Unassigned  
E12                                 FLASH_GOLDEN_N                  Reserved    
E13                                 VDDI1                           Reserved    
E14     X_Reserved1                 MSIO18PB1                       Fixed       LVCMOS33  Output     TRISTATE                        None           No                                  ---              ---         ---            ---             ---          ---   ---           4                  5                 
E15     Exp0Data[4]                 MSIO18NB1                       Fixed       LVCMOS33  Inout      TRISTATE                        Down           No                                  Off              ---         ---            Off             Off          ---   ---           20                 5                 
E16     M_AX0_RET_DATA              MSIO13PB2/SPI_0_SDO             Fixed       LVCMOS33  Input      TRISTATE                        None           No                                  Off              ---         ---            Off             Off          ---   ---           ---                ---               
F1                                  VSS                             Reserved    
F2      M_MUXED_ADC_DATA1_QA1_SIGA  MSIO65PB6                       Fixed       LVCMOS33  Input      TRISTATE                        None           No                                  Off              ---         ---            Off             Off          ---   ---           ---                ---               
F3      M_OUT0_CONTROL              MSIO65NB6                       Fixed       LVCMOS33  Output     TRISTATE                        None           No                                  ---              ---         ---            ---             ---          ---   ---           4                  5                 
F4      M_MUXED_ADC_DATA0_QA0_SIGB  MSIO63PB6/GB2                   Special     LVCMOS33  Input      TRISTATE                        None           No                                  Off              ---         ---            Off             Off          ---   ---           ---                ---               
F5      M_AX0_0                     MSIO60NB6                       Fixed       LVCMOS33  Output     TRISTATE                        None           No                                  ---              ---         ---            ---             ---          ---   ---           16                 5                 
F6                                  VDDI6                           Reserved    
F7                                  VDD                             Reserved    
F8                                  VSS                             Reserved    
F9                                  VDD                             Reserved    
F10                                 VSS                             Reserved    
F11                                 CCC_NE0_NE1_HPMS_MDDR_PLL_VSSA  Reserved    
F12     H1_CLK_IN                   MSIO11PB2/CCC_NE0_CLKI1         Special     LVCMOS33  Input      TRISTATE                        None           No                                  Off              ---         ---            Off             Off          ---   ---           ---                ---               
F13     H1_CLKWR                    MSIO11NB2/CCC_NE0_CLKI2         Special     LVCMOS33  Input      TRISTATE                        None           No                                  Off              ---         ---            Off             Off          ---   ---           ---                ---               
F14     Exp1Data[3]                 MSIO12NB2/SPI_0_SDI             Fixed       LVCMOS33  Inout      TRISTATE                        Up             No                                  Off              ---         ---            Off             Off          ---   ---           20                 5                 
F15     Exp1Data[5]                 MSIO12PB2/SPI_0_CLK             Fixed       LVCMOS33  Output     TRISTATE                        Down           No                                  ---              ---         ---            ---             ---          ---   ---           20                 5                 
F16                                 VDDI2                           Reserved    
G1      TestClock                   MSIOD69NB5                      Fixed       LVCMOS25  Output     TRISTATE                        None           No                                  ---              ---         ---            ---             ---          SLOW  ---           4                  5                 
G2      RESET                       MSIO64NB6                       Fixed       LVCMOS33  Input      TRISTATE                        None           No                                  Off              ---         ---            Off             Off          ---   ---           ---                ---               
G3      M_OUT0_CLK                  MSIO64PB6/GB1                   Special     LVCMOS33  Output     TRISTATE                        None           No                                  ---              ---         ---            ---             ---          ---   ---           4                  5                 
G4                                  VSS                             Reserved    
G5      M_Card_ID_CLK               MSIO60PB6                       Fixed       LVCMOS33  Output     TRISTATE                        None           No                                  ---              ---         ---            ---             ---          ---   ---           4                  5                 
G6                                  VDD                             Reserved    
G7                                  VSS                             Reserved    
G8                                  VDD                             Reserved    
G9                                  VSS                             Reserved    
G10                                 VDD                             Reserved    
G11                                 VPP                             Reserved    
G12     Exp3Data[3]                 MSIO8PB2                        Fixed       LVCMOS33  Inout      TRISTATE                        Up             No                                  Off              ---         ---            Off             Off          ---   ---           20                 5                 
G13     Exp3Data[4]                 MSIO8NB2                        Fixed       LVCMOS33  Inout      TRISTATE                        Down           No                                  Off              ---         ---            Off             Off          ---   ---           20                 5                 
G14                                 VSS                             Reserved    
G15                                 SC_SPI_SDI                      Reserved    
G16                                 SC_SPI_CLK                      Reserved    
H1                                  MSIOD69PB5/CCC_NE1_CLKI2        Special     
H2                                  VDDI5                           Reserved    
H3      QA1_RegY_NegLmt             MSIOD71NB5                      Fixed       LVCMOS25  Input      TRISTATE                        None           No                                  Off              ---         ---            Off             Off          ---   ---           ---                ---               
H4      QA0_Home                    MSIOD70NB5                      Fixed       LVCMOS25  Input      TRISTATE                        None           No                                  Off              ---         ---            Off             Off          ---   ---           ---                ---               
H5      QA0_RegX_PosLmt             MSIOD70PB5/CCC_NE1_CLKI1        Special     LVCMOS25  Input      TRISTATE                        None           No                                  Off              ---         ---            Off             Off          ---   ---           ---                ---               
H6                                  VSS                             Reserved    
H7                                  VDD                             Reserved    
H8                                  VSS                             Reserved    
H9                                  VDD                             Reserved    
H10                                 VSS                             Reserved    
H11                                 VPPNVM                          Reserved    
H12                                 VDDI2                           Reserved    
H13     Exp3Data[2]                 MSIO7PB2                        Fixed       LVCMOS33  Inout      TRISTATE                        Down           No                                  Off              ---         ---            Off             Off          ---   ---           20                 5                 
H14     Exp0Data[5]                 MSIO7NB2                        Fixed       LVCMOS33  Output     TRISTATE                        Down           No                                  ---              ---         ---            ---             ---          ---   ---           20                 5                 
H15                                 SC_SPI_SS                       Reserved    
H16                                 SC_SPI_SDO                      Reserved    
J1      M_FAULT[1]                  MSIOD75PB5                      Fixed       LVCMOS25  Input      TRISTATE                        None           No                                  Off              ---         ---            Off             Off          ---   ---           ---                ---               
J2      QA0_RegY_NegLmt             MSIOD75NB5                      Fixed       LVCMOS25  Input      TRISTATE                        None           No                                  Off              ---         ---            Off             Off          ---   ---           ---                ---               
J3      QA1_RegX_PosLmt             MSIOD71PB5                      Fixed       LVCMOS25  Input      TRISTATE                        None           No                                  Off              ---         ---            Off             Off          ---   ---           ---                ---               
J4      M_FAULT[0]                  MSIOD74NB5                      Fixed       LVCMOS25  Input      TRISTATE                        None           No                                  Off              ---         ---            Off             Off          ---   ---           ---                ---               
J5      QA1_Home                    MSIOD74PB5                      Fixed       LVCMOS25  Input      TRISTATE                        None           No                                  Off              ---         ---            Off             Off          ---   ---           ---                ---               
J6                                  VDDI5                           Reserved    
J7                                  VSS                             Reserved    
J8                                  VDD                             Reserved    
J9                                  VSS                             Reserved    
J10                                 VDD                             Reserved    
J11                                 VSSNVM                          Reserved    
J12     WR_L                        MSIO3PB2                        Fixed       LVCMOS33  Input      TRISTATE                        None           No                                  Off              ---         ---            Off             Off          ---   ---           ---                ---               
J13     Exp0Data[3]                 MSIO6PB2                        Fixed       LVCMOS33  Inout      TRISTATE                        Up             No                                  Off              ---         ---            Off             Off          ---   ---           20                 5                 
J14     Exp1Data[4]                 MSIO6NB2                        Fixed       LVCMOS33  Inout      TRISTATE                        Down           No                                  Off              ---         ---            Off             Off          ---   ---           20                 5                 
J15                                 VDDI2                           Reserved    
J16     DATA[27]                    MSIO4NB2                        Fixed       LVCMOS33  Inout      TRISTATE                        None           No                                  Off              ---         ---            Off             Off          ---   ---           16                 15                
K1                                  MSIOD72PB5                      Unassigned  
K2                                  MSIOD72NB5                      Unassigned  
K3                                  VSS                             Reserved    
K4      DATA[2]                     MSIO87PB4                       Fixed       LVCMOS33  Inout      TRISTATE                        None           No                                  Off              ---         ---            Off             Off          ---   ---           16                 15                
K5                                  VPP                             Reserved    
K6                                  VSS                             Reserved    
K7                                  VDD                             Reserved    
K8                                  VSS                             Reserved    
K9                                  VDD                             Reserved    
K10                                 VSS                             Reserved    
K11                                 VPP                             Reserved    
K12     CS_L                        MSIO3NB2                        Fixed       LVCMOS33  Input      TRISTATE                        None           No                                  Off              ---         ---            Off             Off          ---   ---           ---                ---               
K13                                 VSS                             Reserved    
K14     Exp3Data[1]                 MSIO5PB2                        Fixed       LVCMOS33  Inout      TRISTATE                        Up             No                                  Off              ---         ---            Off             Off          ---   ---           20                 5                 
K15     DATA[29]                    MSIO5NB2                        Fixed       LVCMOS33  Inout      TRISTATE                        None           No                                  Off              ---         ---            Off             Off          ---   ---           16                 15                
K16     DATA[28]                    MSIO4PB2                        Fixed       LVCMOS33  Inout      TRISTATE                        None           No                                  Off              ---         ---            Off             Off          ---   ---           16                 15                
L1                                  VDDI4                           Reserved    
L2      DATA[8]                     MSIO83PB4/GB3                   Special     LVCMOS33  Inout      TRISTATE                        None           No                                  Off              ---         ---            Off             Off          ---   ---           16                 15                
L3      DATA[4]                     MSIO81PB4                       Fixed       LVCMOS33  Inout      TRISTATE                        None           No                                  Off              ---         ---            Off             Off          ---   ---           16                 15                
L4      DATA[3]                     MSIO87NB4                       Fixed       LVCMOS33  Inout      TRISTATE                        None           No                                  Off              ---         ---            Off             Off          ---   ---           16                 15                
L5      DATA[18]                    MSIO84PB4/CCC_NE0_CLKI0         Special     LVCMOS33  Inout      TRISTATE                        None           No                                  Off              ---         ---            Off             Off          ---   ---           16                 15                
L6                                  VDDI4                           Reserved    
L7                                  VSS                             Reserved    
L8                                  VDD                             Reserved    
L9                                  VSS                             Reserved    
L10                                 VDDI4                           Reserved    
L11                                 DEVRST_N                        Reserved    
L12                                 VDDI3                           Reserved    
L13     Exp0Data[2]                 MSIO2NB2                        Fixed       LVCMOS33  Inout      TRISTATE                        Down           No                                  Off              ---         ---            Off             Off          ---   ---           20                 5                 
L14     Exp3Data[0]                 MSIO0PB2                        Fixed       LVCMOS33  Inout      TRISTATE                        Down           No                                  Off              ---         ---            Off             Off          ---   ---           20                 5                 
L15     DATA[30]                    MSIO0NB2                        Fixed       LVCMOS33  Inout      TRISTATE                        None           No                                  Off              ---         ---            Off             Off          ---   ---           16                 15                
L16                                 VSS                             Reserved    
M1      DATA[10]                    MSIO86PB4                       Fixed       LVCMOS33  Inout      TRISTATE                        None           No                                  Off              ---         ---            Off             Off          ---   ---           16                 15                
M2      DATA[9]                     MSIO83NB4/GB7                   Special     LVCMOS33  Inout      TRISTATE                        None           No                                  Off              ---         ---            Off             Off          ---   ---           16                 15                
M3      DATA[5]                     MSIO81NB4/CCC_NE1_CLKI0         Special     LVCMOS33  Inout      TRISTATE                        None           No                                  Off              ---         ---            Off             Off          ---   ---           16                 15                
M4                                  VDDI4                           Reserved    
M5      ExtADDR[6]                  MSIO84NB4                       Fixed       LVCMOS33  Input      TRISTATE                        Up             No                                  Off              ---         ---            Off             Off          ---   ---           ---                ---               
M6      Debug0                      MSIO93NB4                       Fixed       LVCMOS33  Output     TRISTATE                        None           No                                  ---              ---         ---            ---             ---          ---   ---           4                  5                 
M7      Exp2Data[0]                 MSIO93PB4                       Fixed       LVCMOS33  Inout      TRISTATE                        Down           No                                  Off              ---         ---            Off             Off          ---   ---           20                 5                 
M8      Exp1Data[1]                 MSIO94PB4                       Fixed       LVCMOS33  Inout      TRISTATE                        Up             No                                  Off              ---         ---            Off             Off          ---   ---           20                 5                 
M9      X_Reserved0                 MSIO105PB4                      Fixed       LVCMOS33  Output     TRISTATE                        None           No                                  ---              ---         ---            ---             ---          ---   ---           4                  5                 
M10     M_Card_ID_LOAD              MSIO105NB4                      Fixed       LVCMOS33  Output     TRISTATE                        None           No                                  ---              ---         ---            ---             ---          ---   ---           4                  5                 
M11     M_Card_ID_LATCH             MSIO109PB4                      Fixed       LVCMOS33  Output     TRISTATE                        None           No                                  ---              ---         ---            ---             ---          ---   ---           4                  5                 
M12     Exp0Data[0]                 MSIO109NB4                      Fixed       LVCMOS33  Inout      TRISTATE                        Down           No                                  Off              ---         ---            Off             Off          ---   ---           20                 5                 
M13     Exp0Data[1]                 MSIO2PB2                        Fixed       LVCMOS33  Inout      TRISTATE                        Up             No                                  Off              ---         ---            Off             Off          ---   ---           20                 5                 
M14                                 VDDI2                           Reserved    
M15     WD_TICKLE                   MSIO1PB2                        Fixed       LVCMOS33  Input      TRISTATE                        None           No                                  Off              ---         ---            Off             Off          ---   ---           ---                ---               
M16     DATA[31]                    MSIO1NB2                        Fixed       LVCMOS33  Inout      TRISTATE                        None           No                                  Off              ---         ---            Off             Off          ---   ---           16                 15                
N1      DATA[11]                    MSIO86NB4                       Fixed       LVCMOS33  Inout      TRISTATE                        None           No                                  Off              ---         ---            Off             Off          ---   ---           16                 15                
N2                                  VSS                             Reserved    
N3      DATA[7]                     MSIO85PB4                       Fixed       LVCMOS33  Inout      TRISTATE                        None           No                                  Off              ---         ---            Off             Off          ---   ---           16                 15                
N4      DATA[6]                     MSIO82PB4/PROBE_A               Fixed       LVCMOS33  Inout      TRISTATE                        None           No                                  Off              ---         ---            Off             Off          ---   ---           16                 15                
N5      ExtADDR[9]                  MSIO95NB4                       Fixed       LVCMOS33  Input      TRISTATE                        Up             No                                  Off              ---         ---            Off             Off          ---   ---           ---                ---               
N6      Exp2Data[2]                 MSIO95PB4                       Fixed       LVCMOS33  Inout      TRISTATE                        Down           No                                  Off              ---         ---            Off             Off          ---   ---           20                 5                 
N7                                  VDDI4                           Reserved    
N8      Exp2Data[3]                 MSIO94NB4                       Fixed       LVCMOS33  Inout      TRISTATE                        Up             No                                  Off              ---         ---            Off             Off          ---   ---           20                 5                 
N9      Exp2Data[4]                 MSIO103PB4                      Fixed       LVCMOS33  Inout      TRISTATE                        Down           No                                  Off              ---         ---            Off             Off          ---   ---           20                 5                 
N10     Exp2Data[5]                 MSIO103NB4                      Fixed       LVCMOS33  Output     TRISTATE                        Down           No                                  ---              ---         ---            ---             ---          ---   ---           20                 5                 
N11     Exp_Mxd_ID_LOAD             MSIO104NB4                      Fixed       LVCMOS33  Output     TRISTATE                        Up             No                                  ---              ---         ---            ---             ---          ---   ---           4                  5                 
N12                                 VSS                             Reserved    
N13                                 JTAGSEL                         Reserved    
N14                                 JTAG_TDO                        Reserved    
N15                                 JTAG_TRSTB                      Reserved    
N16                                 JTAG_TDI                        Reserved    
P1      DATA[13]                    MSIO91PB4                       Fixed       LVCMOS33  Inout      TRISTATE                        None           No                                  Off              ---         ---            Off             Off          ---   ---           16                 15                
P2      DATA[12]                    MSIO90PB4                       Fixed       LVCMOS33  Inout      TRISTATE                        None           No                                  Off              ---         ---            Off             Off          ---   ---           16                 15                
P3      ExtADDR[11]                 MSIO85NB4                       Fixed       LVCMOS33  Input      TRISTATE                        Up             No                                  Off              ---         ---            Off             Off          ---   ---           ---                ---               
P4      Debug2                      MSIO82NB4/PROBE_B               Fixed       LVCMOS33  Output     TRISTATE                        None           No                                  ---              ---         ---            ---             ---          ---   ---           4                  5                 
P5                                  VSS                             Reserved    
P6      Exp_Mxd_ID_LATCH            MSIO89PB4                       Fixed       LVCMOS33  Output     TRISTATE                        None           No                                  ---              ---         ---            ---             ---          ---   ---           4                  5                 
P7      Exp_ID_DATA                 MSIO89NB4                       Fixed       LVCMOS33  Input      TRISTATE                        Down           No                                  Off              ---         ---            Off             Off          ---   ---           ---                ---               
P8      Exp2Data[1]                 MSIO99PB4                       Fixed       LVCMOS33  Inout      TRISTATE                        Up             No                                  Off              ---         ---            Off             Off          ---   ---           20                 5                 
P9      Exp_Mxd_ID_CLK              MSIO99NB4                       Fixed       LVCMOS33  Output     TRISTATE                        None           No                                  ---              ---         ---            ---             ---          ---   ---           4                  5                 
P10                                 VDDI4                           Reserved    
P11     Exp3Data[5]                 MSIO104PB4                      Fixed       LVCMOS33  Output     TRISTATE                        Down           No                                  ---              ---         ---            ---             ---          ---   ---           20                 5                 
P12     Exp1Data[0]                 MSIO108PB4                      Fixed       LVCMOS33  Inout      TRISTATE                        Down           No                                  Off              ---         ---            Off             Off          ---   ---           20                 5                 
P13     DATA[0]                     MSIO108NB4                      Fixed       LVCMOS33  Inout      TRISTATE                        None           No                                  Off              ---         ---            Off             Off          ---   ---           16                 15                
P14                                 JTAG_TCK                        Reserved    
P15                                 VSS                             Reserved    
P16                                 JTAG_TMS                        Reserved    
R1      DATA[15]                    MSIO91NB4                       Fixed       LVCMOS33  Inout      TRISTATE                        None           No                                  Off              ---         ---            Off             Off          ---   ---           16                 15                
R2      DATA[14]                    MSIO90NB4                       Fixed       LVCMOS33  Inout      TRISTATE                        None           No                                  Off              ---         ---            Off             Off          ---   ---           16                 15                
R3                                  VDDI4                           Reserved    
R4      ExtADDR[8]                  MSIO88PB4                       Fixed       LVCMOS33  Input      TRISTATE                        Up             No                                  Off              ---         ---            Off             Off          ---   ---           ---                ---               
R5      ExtADDR[3]                  MSIO88NB4                       Fixed       LVCMOS33  Input      TRISTATE                        Up             No                                  Off              ---         ---            Off             Off          ---   ---           ---                ---               
R6      ExtADDR[7]                  MSIO92PB4                       Fixed       LVCMOS33  Input      TRISTATE                        Up             No                                  Off              ---         ---            Off             Off          ---   ---           ---                ---               
R7      DATA[16]                    MSIO92NB4                       Fixed       LVCMOS33  Inout      TRISTATE                        None           No                                  Off              ---         ---            Off             Off          ---   ---           16                 15                
R8                                  VSS                             Reserved    
R9      DATA[23]                    MSIO100PB4                      Fixed       LVCMOS33  Inout      TRISTATE                        None           No                                  Off              ---         ---            Off             Off          ---   ---           16                 15                
R10     DATA[24]                    MSIO100NB4                      Fixed       LVCMOS33  Inout      TRISTATE                        None           No                                  Off              ---         ---            Off             Off          ---   ---           16                 15                
R11     FPGA_Test                   MSIO106PB4                      Fixed       LVCMOS33  Output     TRISTATE                        None           No                                  ---              ---         ---            ---             ---          ---   ---           4                  5                 
R12     ExtADDR[4]                  MSIO106NB4                      Fixed       LVCMOS33  Input      TRISTATE                        Up             No                                  Off              ---         ---            Off             Off          ---   ---           ---                ---               
R13                                 VDDI4                           Reserved    
R14     DATA[17]                    MSIO110NB4                      Fixed       LVCMOS33  Inout      TRISTATE                        None           No                                  Off              ---         ---            Off             Off          ---   ---           16                 15                
R15                                 XTLOSC_MAIN_XTAL                Reserved    
R16                                 XTLOSC_MAIN_EXTAL               Reserved    
T1                                  VSS                             Reserved    
T2      LOOPTICK                    MSIO97NB4                       Fixed       LVCMOS33  Input      TRISTATE                        None           No                                  Off              ---         ---            Off             Off          ---   ---           ---                ---               
T3      ExtADDR[2]                  MSIO97PB4                       Fixed       LVCMOS33  Input      TRISTATE                        Up             No                                  Off              ---         ---            Off             Off          ---   ---           ---                ---               
T4      ExtADDR[10]                 MSIO96NB4                       Fixed       LVCMOS33  Input      TRISTATE                        Up             No                                  Off              ---         ---            Off             Off          ---   ---           ---                ---               
T5      Debug1                      MSIO96PB4                       Fixed       LVCMOS33  Output     TRISTATE                        None           No                                  ---              ---         ---            ---             ---          ---   ---           4                  5                 
T6                                  VDDI4                           Reserved    
T7      ExtADDR[5]                  MSIO98PB4                       Fixed       LVCMOS33  Input      TRISTATE                        Up             No                                  Off              ---         ---            Off             Off          ---   ---           ---                ---               
T8      DATA[19]                    MSIO98NB4                       Fixed       LVCMOS33  Inout      TRISTATE                        None           No                                  Off              ---         ---            Off             Off          ---   ---           16                 15                
T9      DATA[22]                    MSIO102PB4                      Fixed       LVCMOS33  Inout      TRISTATE                        None           No                                  Off              ---         ---            Off             Off          ---   ---           16                 15                
T10     DATA[21]                    MSIO102NB4                      Fixed       LVCMOS33  Inout      TRISTATE                        None           No                                  Off              ---         ---            Off             Off          ---   ---           16                 15                
T11                                 VSS                             Reserved    
T12     DATA[20]                    MSIO107PB4                      Fixed       LVCMOS33  Inout      TRISTATE                        None           No                                  Off              ---         ---            Off             Off          ---   ---           16                 15                
T13     DATA[25]                    MSIO107NB4                      Fixed       LVCMOS33  Inout      TRISTATE                        None           No                                  Off              ---         ---            Off             Off          ---   ---           16                 15                
T14     DATA[26]                    MSIO110PB4                      Fixed       LVCMOS33  Inout      TRISTATE                        None           No                                  Off              ---         ---            Off             Off          ---   ---           16                 15                
T15                                 VPP                             Reserved    
T16                                 VPP                             Reserved    
