

@S |Clock Optimization Summary


#### START OF CLOCK OPTIMIZATION REPORT #####[

Clock optimization not enabled
1 non-gated/non-generated clock tree(s) driving 483 clock pin(s) of sequential element(s)
3 gated/generated clock tree(s) driving 1911 clock pin(s) of sequential element(s)
0 instances converted, 1911 sequential instances remain driven by gated/generated clocks

=============================== Non-Gated/Non-Generated Clocks ================================
Clock Tree ID     Driving Element     Drive Element Type     Fanout     Sample Instance        
-----------------------------------------------------------------------------------------------
@K:CKID0004       H1_CLKWR            port                   483        CtrlOut_1.DataBuffer[2]
===============================================================================================
=============================================================================== Gated/Generated Clocks ===============================================================================
Clock Tree ID     Driving Element                          Drive Element Type     Fanout     Sample Instance                   Explanation                                            
--------------------------------------------------------------------------------------------------------------------------------------------------------------------------------------
@K:CKID0001       ClkCtrl_1.clk_1.Clock_Gen_0.CCC_INST     CCC                    1670       ClkCtrl_1.DLL_Rst_ShiftReg[0]     No gated clock conversion method for cell cell:ACG4.SLE
@K:CKID0002       ClkCtrl_1.clk_1.Clock_Gen_0.CCC_INST     CCC                    229        TickSync_1.LatchedTickSync60      No gated clock conversion method for cell cell:ACG4.SLE
@K:CKID0003       ClkCtrl_1.clk_1.Clock_Gen_0.CCC_INST     CCC                    12         MDTTop_2.RisingB[1]               No gated clock conversion method for cell cell:ACG4.SLE
======================================================================================================================================================================================


##### END OF CLOCK OPTIMIZATION REPORT ######]

